// Jest Snapshot v1, https://goo.gl/fbAQLP

exports[`starships actions: fetchAsync 1`] = `[Function]`;

exports[`starships actions: fill 1`] = `
Object {
  "payload": undefined,
  "type": "STARSHIPS_FILL",
}
`;

exports[`starships actions: startFetching 1`] = `
Object {
  "type": "STARSHIPS_START_FETCHING",
}
`;
